[INFO] Scanning for projects...
[INFO]
[INFO] ---------------------< com.knot:event-management >----------------------
[INFO] Building KNOT 1.0.0
[INFO]   from pom.xml
[INFO] --------------------------------[ jar ]---------------------------------
[INFO]
[INFO] >>> spring-boot:3.2.5:run (default-cli) > test-compile @ event-management >>>
[INFO]
[INFO] --- resources:3.3.1:resources (default-resources) @ event-management ---
[INFO] Copying 1 resource from src/main/resources to target/classes
[INFO] Copying 0 resource from src/main/resources to target/classes
[INFO]
[INFO] --- compiler:3.11.0:compile (default-compile) @ event-management ---
[INFO] Nothing to compile - all classes are up to date
[INFO]
[INFO] --- resources:3.3.1:testResources (default-testResources) @ event-management ---
[INFO] skip non existing resourceDirectory /app/backend/src/test/resources
[INFO]
[INFO] --- compiler:3.11.0:testCompile (default-testCompile) @ event-management ---
[INFO] No sources to compile
[INFO]
[INFO] <<< spring-boot:3.2.5:run (default-cli) < test-compile @ event-management <<<
[INFO]
[INFO]
[INFO] --- spring-boot:3.2.5:run (default-cli) @ event-management ---
[INFO] Attaching agents: []

  .   ____          _            __ _ _
 /\\ / ___'_ __ _ _(_)_ __  __ _ \ \ \ \
( ( )\___ | '_ | '_| | '_ \/ _` | \ \ \ \
 \\/  ___)| |_)| | | | | || (_| |  ) ) ) )
  '  |____| .__|_| |_|_| |_\__, | / / / /
 =========|_|==============|___/=/_/_/_/
 :: Spring Boot ::                (v3.2.5)

2026-07-06T05:12:40.024Z  INFO 148655 --- [knot-event-management] [           main] com.knot.KnotApplication                 : Starting KnotApplication using Java 21.0.10 with PID 148655 (/app/backend/target/classes started by jules in /app/backend)
2026-07-06T05:12:40.026Z  INFO 148655 --- [knot-event-management] [           main] com.knot.KnotApplication                 : No active profile set, falling back to 1 default profile: "default"
2026-07-06T05:12:40.695Z  INFO 148655 --- [knot-event-management] [           main] .s.d.r.c.RepositoryConfigurationDelegate : Bootstrapping Spring Data JPA repositories in DEFAULT mode.
2026-07-06T05:12:40.806Z  INFO 148655 --- [knot-event-management] [           main] .s.d.r.c.RepositoryConfigurationDelegate : Finished Spring Data repository scanning in 103 ms. Found 4 JPA repository interfaces.
2026-07-06T05:12:41.347Z  INFO 148655 --- [knot-event-management] [           main] o.s.b.w.embedded.tomcat.TomcatWebServer  : Tomcat initialized with port 8082 (http)
2026-07-06T05:12:41.361Z  INFO 148655 --- [knot-event-management] [           main] o.apache.catalina.core.StandardService   : Starting service [Tomcat]
2026-07-06T05:12:41.362Z  INFO 148655 --- [knot-event-management] [           main] o.apache.catalina.core.StandardEngine    : Starting Servlet engine: [Apache Tomcat/10.1.20]
2026-07-06T05:12:41.411Z  INFO 148655 --- [knot-event-management] [           main] o.a.c.c.C.[Tomcat].[localhost].[/]       : Initializing Spring embedded WebApplicationContext
2026-07-06T05:12:41.413Z  INFO 148655 --- [knot-event-management] [           main] w.s.c.ServletWebServerApplicationContext : Root WebApplicationContext: initialization completed in 1343 ms
2026-07-06T05:12:41.559Z  INFO 148655 --- [knot-event-management] [           main] o.hibernate.jpa.internal.util.LogHelper  : HHH000204: Processing PersistenceUnitInfo [name: default]
2026-07-06T05:12:41.607Z  INFO 148655 --- [knot-event-management] [           main] org.hibernate.Version                    : HHH000412: Hibernate ORM core version 6.4.4.Final
2026-07-06T05:12:41.637Z  INFO 148655 --- [knot-event-management] [           main] o.h.c.internal.RegionFactoryInitiator    : HHH000026: Second-level cache disabled
2026-07-06T05:12:41.842Z  INFO 148655 --- [knot-event-management] [           main] o.s.o.j.p.SpringPersistenceUnitInfo      : No LoadTimeWeaver setup: ignoring JPA class transformer
2026-07-06T05:12:41.866Z  INFO 148655 --- [knot-event-management] [           main] com.zaxxer.hikari.HikariDataSource       : HikariPool-1 - Starting...
2026-07-06T05:12:42.083Z  INFO 148655 --- [knot-event-management] [           main] com.zaxxer.hikari.pool.HikariPool        : HikariPool-1 - Added connection com.mysql.cj.jdbc.ConnectionImpl@63e4484d
2026-07-06T05:12:42.086Z  INFO 148655 --- [knot-event-management] [           main] com.zaxxer.hikari.HikariDataSource       : HikariPool-1 - Start completed.
2026-07-06T05:12:42.128Z  WARN 148655 --- [knot-event-management] [           main] org.hibernate.dialect.Dialect            : HHH000511: The 5.5.0 version for [org.hibernate.dialect.MySQLDialect] is no longer supported, hence certain features may not work properly. The minimum supported version is 8.0.0. Check the community dialects project for available legacy versions.
2026-07-06T05:12:42.133Z  WARN 148655 --- [knot-event-management] [           main] org.hibernate.orm.deprecation            : HHH90000025: MySQLDialect does not need to be specified explicitly using 'hibernate.dialect' (remove the property setting and it will be selected by default)
2026-07-06T05:12:43.065Z  INFO 148655 --- [knot-event-management] [           main] o.h.e.t.j.p.i.JtaPlatformInitiator       : HHH000489: No JTA platform available (set 'hibernate.transaction.jta.platform' to enable JTA platform integration)
Hibernate:
    create table events (
        id bigint not null auto_increment,
        capacity integer,
        category varchar(255),
        created_at datetime(6),
        description varchar(2000),
        event_date datetime(6) not null,
        location varchar(255),
        price float(53),
        status enum ('PENDING','APPROVED','REJECTED') not null,
        title varchar(255) not null,
        organizer_id bigint not null,
        primary key (id)
    ) engine=InnoDB
Hibernate:
    create table registrations (
        id bigint not null auto_increment,
        payment_status enum ('PENDING','COMPLETED','FAILED','NOT_APPLICABLE') not null,
        registered_at datetime(6),
        status enum ('REGISTERED','ATTENDED','CANCELLED') not null,
        event_id bigint not null,
        user_id bigint not null,
        primary key (id)
    ) engine=InnoDB
Hibernate:
    create table talent_profiles (
        id bigint not null auto_increment,
        bio varchar(2000),
        portfolio_link varchar(255),
        skills varchar(500),
        user_id bigint not null,
        primary key (id)
    ) engine=InnoDB
Hibernate:
    create table users (
        id bigint not null auto_increment,
        created_at datetime(6),
        email varchar(255) not null,
        full_name varchar(255) not null,
        password varchar(255) not null,
        role enum ('ADMIN','ORGANIZER','ATTENDEE') not null,
        primary key (id)
    ) engine=InnoDB
Hibernate:
    alter table registrations
       drop index UKbrdl17v3ui61wtddfg4iaoktr
Hibernate:
    alter table registrations
       add constraint UKbrdl17v3ui61wtddfg4iaoktr unique (event_id, user_id)
Hibernate:
    alter table talent_profiles
       drop index UK_4bo2y6wq9yl5la1bkoxw8vlgg
Hibernate:
    alter table talent_profiles
       add constraint UK_4bo2y6wq9yl5la1bkoxw8vlgg unique (user_id)
Hibernate:
    alter table users
       drop index UK_6dotkott2kjsp8vw4d0m25fb7
Hibernate:
    alter table users
       add constraint UK_6dotkott2kjsp8vw4d0m25fb7 unique (email)
Hibernate:
    alter table events
       add constraint FKdocju8m76a3f8o6ljh2jrn2ra
       foreign key (organizer_id)
       references users (id)
Hibernate:
    alter table registrations
       add constraint FK8mi58jt1s8fxmi56jnau0cxqw
       foreign key (event_id)
       references events (id)
Hibernate:
    alter table registrations
       add constraint FKl2iby9n9hp8jwkfj8i96pkxpi
       foreign key (user_id)
       references users (id)
Hibernate:
    alter table talent_profiles
       add constraint FKbk5lbhh5mq07ks0hps3kvunt5
       foreign key (user_id)
       references users (id)
2026-07-06T05:12:43.171Z  INFO 148655 --- [knot-event-management] [           main] j.LocalContainerEntityManagerFactoryBean : Initialized JPA EntityManagerFactory for persistence unit 'default'
2026-07-06T05:12:43.688Z  WARN 148655 --- [knot-event-management] [           main] JpaBaseConfiguration$JpaWebConfiguration : spring.jpa.open-in-view is enabled by default. Therefore, database queries may be performed during view rendering. Explicitly configure spring.jpa.open-in-view to disable this warning
2026-07-06T05:12:43.972Z  INFO 148655 --- [knot-event-management] [           main] o.s.s.web.DefaultSecurityFilterChain     : Will secure any request with [org.springframework.security.web.session.DisableEncodeUrlFilter@62977afb, org.springframework.security.web.context.request.async.WebAsyncManagerIntegrationFilter@13edc1bc, org.springframework.security.web.context.SecurityContextHolderFilter@22ba30b0, org.springframework.security.web.header.HeaderWriterFilter@1d0fc0bc, org.springframework.web.filter.CorsFilter@77604a86, org.springframework.security.web.authentication.logout.LogoutFilter@b4c89b6, com.knot.security.JwtAuthFilter@5d449307, org.springframework.security.web.savedrequest.RequestCacheAwareFilter@20608ef4, org.springframework.security.web.servletapi.SecurityContextHolderAwareRequestFilter@30a1b2ad, org.springframework.security.web.authentication.AnonymousAuthenticationFilter@63fde7ca, org.springframework.security.web.session.SessionManagementFilter@3a574a3b, org.springframework.security.web.access.ExceptionTranslationFilter@7bdddfa4, org.springframework.security.web.access.intercept.AuthorizationFilter@222a7429]
2026-07-06T05:12:44.268Z  INFO 148655 --- [knot-event-management] [           main] o.s.b.w.embedded.tomcat.TomcatWebServer  : Tomcat started on port 8082 (http) with context path ''
2026-07-06T05:12:44.279Z  INFO 148655 --- [knot-event-management] [           main] com.knot.KnotApplication                 : Started KnotApplication in 4.629 seconds (process running for 5.018)
2026-07-06T05:13:52.823Z  INFO 148655 --- [knot-event-management] [nio-8082-exec-2] o.a.c.c.C.[Tomcat].[localhost].[/]       : Initializing Spring DispatcherServlet 'dispatcherServlet'
2026-07-06T05:13:52.823Z  INFO 148655 --- [knot-event-management] [nio-8082-exec-2] o.s.web.servlet.DispatcherServlet        : Initializing Servlet 'dispatcherServlet'
2026-07-06T05:13:52.825Z  INFO 148655 --- [knot-event-management] [nio-8082-exec-2] o.s.web.servlet.DispatcherServlet        : Completed initialization in 2 ms
Hibernate:
    select
        u1_0.id
    from
        users u1_0
    where
        u1_0.email=?
    limit
        ?
Hibernate:
    insert
    into
        users
        (created_at, email, full_name, password, role)
    values
        (?, ?, ?, ?, ?)
Hibernate:
    select
        u1_0.id,
        u1_0.created_at,
        u1_0.email,
        u1_0.full_name,
        u1_0.password,
        u1_0.role
    from
        users u1_0
    where
        u1_0.email=?
Hibernate:
    select
        e1_0.id,
        e1_0.capacity,
        e1_0.category,
        e1_0.created_at,
        e1_0.description,
        e1_0.event_date,
        e1_0.location,
        e1_0.organizer_id,
        e1_0.price,
        e1_0.status,
        e1_0.title
    from
        events e1_0
    where
        e1_0.status=?
Hibernate:
    select
        u1_0.id,
        u1_0.created_at,
        u1_0.email,
        u1_0.full_name,
        u1_0.password,
        u1_0.role
    from
        users u1_0
    where
        u1_0.email=?
Hibernate:
    select
        e1_0.id,
        e1_0.capacity,
        e1_0.category,
        e1_0.created_at,
        e1_0.description,
        e1_0.event_date,
        e1_0.location,
        e1_0.organizer_id,
        e1_0.price,
        e1_0.status,
        e1_0.title
    from
        events e1_0
    where
        e1_0.status=?
Hibernate:
    select
        u1_0.id,
        u1_0.created_at,
        u1_0.email,
        u1_0.full_name,
        u1_0.password,
        u1_0.role
    from
        users u1_0
    where
        u1_0.email=?
Hibernate:
    select
        u1_0.id,
        u1_0.created_at,
        u1_0.email,
        u1_0.full_name,
        u1_0.password,
        u1_0.role
    from
        users u1_0
    where
        u1_0.email=?
Hibernate:
    select
        r1_0.id,
        r1_0.event_id,
        r1_0.payment_status,
        r1_0.registered_at,
        r1_0.status,
        r1_0.user_id
    from
        registrations r1_0
    where
        r1_0.user_id=?
Hibernate:
    select
        u1_0.id,
        u1_0.created_at,
        u1_0.email,
        u1_0.full_name,
        u1_0.password,
        u1_0.role
    from
        users u1_0
    where
        u1_0.email=?
Hibernate:
    select
        u1_0.id,
        u1_0.created_at,
        u1_0.email,
        u1_0.full_name,
        u1_0.password,
        u1_0.role
    from
        users u1_0
    where
        u1_0.email=?
Hibernate:
    select
        r1_0.id,
        r1_0.event_id,
        r1_0.payment_status,
        r1_0.registered_at,
        r1_0.status,
        r1_0.user_id
    from
        registrations r1_0
    where
        r1_0.user_id=?
